(A) QUEUE LENGTH
  timest
 variable       Time
  number       average          Maximum          Minimum
________________________________________________________

    1         6.32529          26.0000          0.00000 

    2         4.15757          17.0000          0.00000 

    3         7.55369          29.0000          0.00000 
________________________________________________________


(B) DELAY TIME
 sampst                         Number
variable                          of
 number       Average           values          Maximum          Minimum
________________________________________________________________________

    5         31.4759          1120.00          91.9446          0.00000 

    6         29.9054          784.000          131.075          0.00000 

    7         24.2386          1854.00          67.4648        0.0162327 
________________________________________________________________________


(C) BUS PASSENGER COUNT
  timest
 variable       Time
  number       average          Maximum          Minimum
________________________________________________________

    4         13.8539          20.0000          0.00000 
________________________________________________________


(D) BUS STOP TIME
 sampst                         Number
variable                          of
 number       Average           values          Maximum          Minimum
________________________________________________________________________

    8         6.69161          110.000          10.1828          5.00000 

    9         5.47644          110.000          9.30325          5.00000 

   10         11.4071          110.000          13.7215          5.61563 
________________________________________________________________________


(E) BUS LOOP TIME
 sampst                         Number
variable                          of
 number       Average           values          Maximum          Minimum
________________________________________________________________________

   11         43.5751          110.000          48.1451          35.7743 
________________________________________________________________________


(F) PERSON TOTAL TIME
 sampst                         Number
variable                          of
 number       Average           values          Maximum          Minimum
________________________________________________________________________

   12         51.9929          1120.00          112.319          17.7429 

   13         45.6373          784.000          147.197          13.9304 

   14         41.8303          1838.00          88.2224          11.5156 
________________________________________________________________________


